[2024-01-29T14:55:50.400+0530][gc] Using G1
[2024-01-29T14:55:50.406+0530][gc,init] Version: 17.0.9+9-Ubuntu-122.04 (release)
[2024-01-29T14:55:50.406+0530][gc,init] CPUs: 16 total, 16 available
[2024-01-29T14:55:50.406+0530][gc,init] Memory: 31911M
[2024-01-29T14:55:50.406+0530][gc,init] Large Page Support: Disabled
[2024-01-29T14:55:50.406+0530][gc,init] NUMA Support: Disabled
[2024-01-29T14:55:50.406+0530][gc,init] Compressed Oops: Enabled (32-bit)
[2024-01-29T14:55:50.406+0530][gc,init] Heap Region Size: 1M
[2024-01-29T14:55:50.406+0530][gc,init] Heap Min Capacity: 1G
[2024-01-29T14:55:50.406+0530][gc,init] Heap Initial Capacity: 1G
[2024-01-29T14:55:50.406+0530][gc,init] Heap Max Capacity: 1G
[2024-01-29T14:55:50.406+0530][gc,init] Pre-touch: Disabled
[2024-01-29T14:55:50.406+0530][gc,init] Parallel Workers: 13
[2024-01-29T14:55:50.406+0530][gc,init] Concurrent Workers: 3
[2024-01-29T14:55:50.406+0530][gc,init] Concurrent Refinement Workers: 13
[2024-01-29T14:55:50.406+0530][gc,init] Periodic GC: Disabled
[2024-01-29T14:55:50.410+0530][gc,metaspace] CDS archive(s) mapped at: [0x00007f17d7000000-0x00007f17d7bc6000-0x00007f17d7bc6000), size 12345344, SharedBaseAddress: 0x00007f17d7000000, ArchiveRelocationMode: 1.
[2024-01-29T14:55:50.410+0530][gc,metaspace] Compressed class space mapped at: 0x00007f17d8000000-0x00007f1818000000, reserved size: 1073741824
[2024-01-29T14:55:50.410+0530][gc,metaspace] Narrow klass base: 0x00007f17d7000000, Narrow klass shift: 0, Narrow klass range: 0x100000000
[2024-01-29T14:55:50.689+0530][gc,heap,exit] Heap
[2024-01-29T14:55:50.689+0530][gc,heap,exit]  garbage-first heap   total 1048576K, used 23472K [0x00000000c0000000, 0x0000000100000000)
[2024-01-29T14:55:50.689+0530][gc,heap,exit]   region size 1024K, 22 young (22528K), 0 survivors (0K)
[2024-01-29T14:55:50.689+0530][gc,heap,exit]  Metaspace       used 9417K, committed 9536K, reserved 1114112K
[2024-01-29T14:55:50.689+0530][gc,heap,exit]   class space    used 1165K, committed 1216K, reserved 1048576K
