[2024-01-29T15:22:57.440+0530][gc] Using G1
[2024-01-29T15:22:57.450+0530][gc,init] Version: 17.0.9+9-Ubuntu-122.04 (release)
[2024-01-29T15:22:57.450+0530][gc,init] CPUs: 16 total, 16 available
[2024-01-29T15:22:57.450+0530][gc,init] Memory: 31911M
[2024-01-29T15:22:57.450+0530][gc,init] Large Page Support: Disabled
[2024-01-29T15:22:57.450+0530][gc,init] NUMA Support: Disabled
[2024-01-29T15:22:57.450+0530][gc,init] Compressed Oops: Enabled (32-bit)
[2024-01-29T15:22:57.450+0530][gc,init] Heap Region Size: 1M
[2024-01-29T15:22:57.450+0530][gc,init] Heap Min Capacity: 1G
[2024-01-29T15:22:57.450+0530][gc,init] Heap Initial Capacity: 1G
[2024-01-29T15:22:57.450+0530][gc,init] Heap Max Capacity: 1G
[2024-01-29T15:22:57.450+0530][gc,init] Pre-touch: Disabled
[2024-01-29T15:22:57.450+0530][gc,init] Parallel Workers: 13
[2024-01-29T15:22:57.450+0530][gc,init] Concurrent Workers: 3
[2024-01-29T15:22:57.450+0530][gc,init] Concurrent Refinement Workers: 13
[2024-01-29T15:22:57.450+0530][gc,init] Periodic GC: Disabled
[2024-01-29T15:22:57.456+0530][gc,metaspace] CDS archive(s) mapped at: [0x00007fd507000000-0x00007fd507bc6000-0x00007fd507bc6000), size 12345344, SharedBaseAddress: 0x00007fd507000000, ArchiveRelocationMode: 1.
[2024-01-29T15:22:57.456+0530][gc,metaspace] Compressed class space mapped at: 0x00007fd508000000-0x00007fd548000000, reserved size: 1073741824
[2024-01-29T15:22:57.456+0530][gc,metaspace] Narrow klass base: 0x00007fd507000000, Narrow klass shift: 0, Narrow klass range: 0x100000000
[2024-01-29T15:22:57.994+0530][gc,start    ] GC(0) Pause Young (Normal) (G1 Evacuation Pause)
[2024-01-29T15:22:57.995+0530][gc,task     ] GC(0) Using 13 workers of 13 for evacuation
[2024-01-29T15:22:57.997+0530][gc,phases   ] GC(0)   Pre Evacuate Collection Set: 0.1ms
[2024-01-29T15:22:57.997+0530][gc,phases   ] GC(0)   Merge Heap Roots: 0.0ms
[2024-01-29T15:22:57.997+0530][gc,phases   ] GC(0)   Evacuate Collection Set: 1.9ms
[2024-01-29T15:22:57.997+0530][gc,phases   ] GC(0)   Post Evacuate Collection Set: 0.3ms
[2024-01-29T15:22:57.997+0530][gc,phases   ] GC(0)   Other: 0.7ms
[2024-01-29T15:22:57.997+0530][gc,heap     ] GC(0) Eden regions: 51->0(44)
[2024-01-29T15:22:57.997+0530][gc,heap     ] GC(0) Survivor regions: 0->7(7)
[2024-01-29T15:22:57.997+0530][gc,heap     ] GC(0) Old regions: 0->1
[2024-01-29T15:22:57.997+0530][gc,heap     ] GC(0) Archive regions: 2->2
[2024-01-29T15:22:57.997+0530][gc,heap     ] GC(0) Humongous regions: 0->0
[2024-01-29T15:22:57.997+0530][gc,metaspace] GC(0) Metaspace: 19254K(19392K)->19254K(19392K) NonClass: 16947K(17024K)->16947K(17024K) Class: 2306K(2368K)->2306K(2368K)
[2024-01-29T15:22:57.997+0530][gc          ] GC(0) Pause Young (Normal) (G1 Evacuation Pause) 51M->7M(1024M) 2.956ms
[2024-01-29T15:22:57.997+0530][gc,cpu      ] GC(0) User=0.02s Sys=0.01s Real=0.00s
[2024-01-29T15:22:58.118+0530][gc,start    ] GC(1) Pause Young (Concurrent Start) (Metadata GC Threshold)
[2024-01-29T15:22:58.118+0530][gc,task     ] GC(1) Using 13 workers of 13 for evacuation
[2024-01-29T15:22:58.120+0530][gc,phases   ] GC(1)   Pre Evacuate Collection Set: 0.1ms
[2024-01-29T15:22:58.120+0530][gc,phases   ] GC(1)   Merge Heap Roots: 0.0ms
[2024-01-29T15:22:58.120+0530][gc,phases   ] GC(1)   Evacuate Collection Set: 1.7ms
[2024-01-29T15:22:58.120+0530][gc,phases   ] GC(1)   Post Evacuate Collection Set: 0.2ms
[2024-01-29T15:22:58.120+0530][gc,phases   ] GC(1)   Other: 0.1ms
[2024-01-29T15:22:58.120+0530][gc,heap     ] GC(1) Eden regions: 9->0(49)
[2024-01-29T15:22:58.120+0530][gc,heap     ] GC(1) Survivor regions: 7->2(7)
[2024-01-29T15:22:58.120+0530][gc,heap     ] GC(1) Old regions: 1->7
[2024-01-29T15:22:58.120+0530][gc,heap     ] GC(1) Archive regions: 2->2
[2024-01-29T15:22:58.120+0530][gc,heap     ] GC(1) Humongous regions: 129->129
[2024-01-29T15:22:58.120+0530][gc,metaspace] GC(1) Metaspace: 21281K(21504K)->21281K(21504K) NonClass: 18724K(18816K)->18724K(18816K) Class: 2557K(2688K)->2557K(2688K)
[2024-01-29T15:22:58.120+0530][gc          ] GC(1) Pause Young (Concurrent Start) (Metadata GC Threshold) 145M->138M(1024M) 2.192ms
[2024-01-29T15:22:58.120+0530][gc,cpu      ] GC(1) User=0.02s Sys=0.00s Real=0.00s
[2024-01-29T15:22:58.120+0530][gc          ] GC(2) Concurrent Mark Cycle
[2024-01-29T15:22:58.121+0530][gc,marking  ] GC(2) Concurrent Clear Claimed Marks
[2024-01-29T15:22:58.121+0530][gc,marking  ] GC(2) Concurrent Clear Claimed Marks 0.010ms
[2024-01-29T15:22:58.121+0530][gc,marking  ] GC(2) Concurrent Scan Root Regions
[2024-01-29T15:22:58.122+0530][gc,marking  ] GC(2) Concurrent Scan Root Regions 1.193ms
[2024-01-29T15:22:58.122+0530][gc,marking  ] GC(2) Concurrent Mark
[2024-01-29T15:22:58.122+0530][gc,marking  ] GC(2) Concurrent Mark From Roots
[2024-01-29T15:22:58.122+0530][gc,task     ] GC(2) Using 3 workers of 3 for marking
[2024-01-29T15:22:58.122+0530][gc,marking  ] GC(2) Concurrent Mark From Roots 0.764ms
[2024-01-29T15:22:58.123+0530][gc,marking  ] GC(2) Concurrent Preclean
[2024-01-29T15:22:58.123+0530][gc,marking  ] GC(2) Concurrent Preclean 0.039ms
[2024-01-29T15:22:58.123+0530][gc,start    ] GC(2) Pause Remark
[2024-01-29T15:22:58.123+0530][gc          ] GC(2) Pause Remark 139M->139M(1024M) 0.659ms
[2024-01-29T15:22:58.123+0530][gc,cpu      ] GC(2) User=0.00s Sys=0.00s Real=0.00s
[2024-01-29T15:22:58.123+0530][gc,marking  ] GC(2) Concurrent Mark 1.590ms
[2024-01-29T15:22:58.123+0530][gc,marking  ] GC(2) Concurrent Rebuild Remembered Sets
[2024-01-29T15:22:58.123+0530][gc,marking  ] GC(2) Concurrent Rebuild Remembered Sets 0.003ms
[2024-01-29T15:22:58.124+0530][gc,start    ] GC(2) Pause Cleanup
[2024-01-29T15:22:58.124+0530][gc          ] GC(2) Pause Cleanup 139M->139M(1024M) 0.004ms
[2024-01-29T15:22:58.124+0530][gc,cpu      ] GC(2) User=0.00s Sys=0.00s Real=0.00s
[2024-01-29T15:22:58.124+0530][gc,marking  ] GC(2) Concurrent Cleanup for Next Mark
[2024-01-29T15:22:58.125+0530][gc,marking  ] GC(2) Concurrent Cleanup for Next Mark 1.720ms
[2024-01-29T15:22:58.125+0530][gc          ] GC(2) Concurrent Mark Cycle 4.938ms
[2024-01-29T15:22:58.450+0530][gc,start    ] GC(3) Pause Young (Normal) (G1 Evacuation Pause)
[2024-01-29T15:22:58.450+0530][gc,task     ] GC(3) Using 13 workers of 13 for evacuation
[2024-01-29T15:22:58.452+0530][gc,phases   ] GC(3)   Pre Evacuate Collection Set: 0.1ms
[2024-01-29T15:22:58.452+0530][gc,phases   ] GC(3)   Merge Heap Roots: 0.0ms
[2024-01-29T15:22:58.452+0530][gc,phases   ] GC(3)   Evacuate Collection Set: 1.3ms
[2024-01-29T15:22:58.452+0530][gc,phases   ] GC(3)   Post Evacuate Collection Set: 0.2ms
[2024-01-29T15:22:58.452+0530][gc,phases   ] GC(3)   Other: 0.1ms
[2024-01-29T15:22:58.452+0530][gc,heap     ] GC(3) Eden regions: 49->0(45)
[2024-01-29T15:22:58.452+0530][gc,heap     ] GC(3) Survivor regions: 2->6(7)
[2024-01-29T15:22:58.452+0530][gc,heap     ] GC(3) Old regions: 7->7
[2024-01-29T15:22:58.452+0530][gc,heap     ] GC(3) Archive regions: 2->2
[2024-01-29T15:22:58.452+0530][gc,heap     ] GC(3) Humongous regions: 129->129
[2024-01-29T15:22:58.452+0530][gc,metaspace] GC(3) Metaspace: 33015K(33216K)->33015K(33216K) NonClass: 29309K(29440K)->29309K(29440K) Class: 3705K(3776K)->3705K(3776K)
[2024-01-29T15:22:58.452+0530][gc          ] GC(3) Pause Young (Normal) (G1 Evacuation Pause) 187M->142M(1024M) 1.700ms
[2024-01-29T15:22:58.452+0530][gc,cpu      ] GC(3) User=0.02s Sys=0.00s Real=0.00s
[2024-01-29T15:22:59.257+0530][gc,start    ] GC(4) Pause Young (Concurrent Start) (Metadata GC Threshold)
[2024-01-29T15:22:59.257+0530][gc,task     ] GC(4) Using 13 workers of 13 for evacuation
[2024-01-29T15:22:59.259+0530][gc,phases   ] GC(4)   Pre Evacuate Collection Set: 0.1ms
[2024-01-29T15:22:59.259+0530][gc,phases   ] GC(4)   Merge Heap Roots: 0.0ms
[2024-01-29T15:22:59.259+0530][gc,phases   ] GC(4)   Evacuate Collection Set: 1.4ms
[2024-01-29T15:22:59.259+0530][gc,phases   ] GC(4)   Post Evacuate Collection Set: 0.2ms
[2024-01-29T15:22:59.259+0530][gc,phases   ] GC(4)   Other: 0.1ms
[2024-01-29T15:22:59.259+0530][gc,heap     ] GC(4) Eden regions: 15->0(49)
[2024-01-29T15:22:59.259+0530][gc,heap     ] GC(4) Survivor regions: 6->2(7)
[2024-01-29T15:22:59.259+0530][gc,heap     ] GC(4) Old regions: 7->13
[2024-01-29T15:22:59.259+0530][gc,heap     ] GC(4) Archive regions: 2->2
[2024-01-29T15:22:59.259+0530][gc,heap     ] GC(4) Humongous regions: 129->129
[2024-01-29T15:22:59.259+0530][gc,metaspace] GC(4) Metaspace: 35766K(36096K)->35766K(36096K) NonClass: 31594K(31744K)->31594K(31744K) Class: 4171K(4352K)->4171K(4352K)
[2024-01-29T15:22:59.259+0530][gc          ] GC(4) Pause Young (Concurrent Start) (Metadata GC Threshold) 157M->143M(1024M) 1.844ms
[2024-01-29T15:22:59.259+0530][gc,cpu      ] GC(4) User=0.00s Sys=0.02s Real=0.00s
[2024-01-29T15:22:59.259+0530][gc          ] GC(5) Concurrent Mark Cycle
[2024-01-29T15:22:59.259+0530][gc,marking  ] GC(5) Concurrent Clear Claimed Marks
[2024-01-29T15:22:59.259+0530][gc,marking  ] GC(5) Concurrent Clear Claimed Marks 0.021ms
[2024-01-29T15:22:59.259+0530][gc,marking  ] GC(5) Concurrent Scan Root Regions
[2024-01-29T15:22:59.260+0530][gc,marking  ] GC(5) Concurrent Scan Root Regions 1.129ms
[2024-01-29T15:22:59.260+0530][gc,marking  ] GC(5) Concurrent Mark
[2024-01-29T15:22:59.260+0530][gc,marking  ] GC(5) Concurrent Mark From Roots
[2024-01-29T15:22:59.260+0530][gc,task     ] GC(5) Using 3 workers of 3 for marking
[2024-01-29T15:22:59.263+0530][gc,marking  ] GC(5) Concurrent Mark From Roots 2.597ms
[2024-01-29T15:22:59.263+0530][gc,marking  ] GC(5) Concurrent Preclean
[2024-01-29T15:22:59.263+0530][gc,marking  ] GC(5) Concurrent Preclean 0.067ms
[2024-01-29T15:22:59.263+0530][gc,start    ] GC(5) Pause Remark
[2024-01-29T15:22:59.264+0530][gc          ] GC(5) Pause Remark 144M->144M(1024M) 0.620ms
[2024-01-29T15:22:59.264+0530][gc,cpu      ] GC(5) User=0.01s Sys=0.00s Real=0.00s
[2024-01-29T15:22:59.264+0530][gc,marking  ] GC(5) Concurrent Mark 3.388ms
[2024-01-29T15:22:59.264+0530][gc,marking  ] GC(5) Concurrent Rebuild Remembered Sets
[2024-01-29T15:22:59.266+0530][gc,marking  ] GC(5) Concurrent Rebuild Remembered Sets 1.996ms
[2024-01-29T15:22:59.266+0530][gc,start    ] GC(5) Pause Cleanup
[2024-01-29T15:22:59.266+0530][gc          ] GC(5) Pause Cleanup 144M->144M(1024M) 0.103ms
[2024-01-29T15:22:59.266+0530][gc,cpu      ] GC(5) User=0.00s Sys=0.00s Real=0.00s
[2024-01-29T15:22:59.266+0530][gc,marking  ] GC(5) Concurrent Cleanup for Next Mark
[2024-01-29T15:22:59.269+0530][gc,marking  ] GC(5) Concurrent Cleanup for Next Mark 2.812ms
[2024-01-29T15:22:59.269+0530][gc          ] GC(5) Concurrent Mark Cycle 9.761ms
[2024-01-29T15:23:18.052+0530][gc,heap,exit] Heap
[2024-01-29T15:23:18.052+0530][gc,heap,exit]  garbage-first heap   total 1048576K, used 160195K [0x00000000c0000000, 0x0000000100000000)
[2024-01-29T15:23:18.052+0530][gc,heap,exit]   region size 1024K, 15 young (15360K), 2 survivors (2048K)
[2024-01-29T15:23:18.052+0530][gc,heap,exit]  Metaspace       used 36701K, committed 37056K, reserved 1114112K
[2024-01-29T15:23:18.052+0530][gc,heap,exit]   class space    used 4361K, committed 4544K, reserved 1048576K
