[2024-01-29T15:24:21.301+0530][gc] Using G1
[2024-01-29T15:24:21.311+0530][gc,init] Version: 17.0.9+9-Ubuntu-122.04 (release)
[2024-01-29T15:24:21.311+0530][gc,init] CPUs: 16 total, 16 available
[2024-01-29T15:24:21.311+0530][gc,init] Memory: 31911M
[2024-01-29T15:24:21.311+0530][gc,init] Large Page Support: Disabled
[2024-01-29T15:24:21.311+0530][gc,init] NUMA Support: Disabled
[2024-01-29T15:24:21.311+0530][gc,init] Compressed Oops: Enabled (32-bit)
[2024-01-29T15:24:21.311+0530][gc,init] Heap Region Size: 1M
[2024-01-29T15:24:21.311+0530][gc,init] Heap Min Capacity: 1G
[2024-01-29T15:24:21.311+0530][gc,init] Heap Initial Capacity: 1G
[2024-01-29T15:24:21.311+0530][gc,init] Heap Max Capacity: 1G
[2024-01-29T15:24:21.311+0530][gc,init] Pre-touch: Disabled
[2024-01-29T15:24:21.311+0530][gc,init] Parallel Workers: 13
[2024-01-29T15:24:21.311+0530][gc,init] Concurrent Workers: 3
[2024-01-29T15:24:21.311+0530][gc,init] Concurrent Refinement Workers: 13
[2024-01-29T15:24:21.311+0530][gc,init] Periodic GC: Disabled
[2024-01-29T15:24:21.314+0530][gc,metaspace] CDS archive(s) mapped at: [0x00007fba97000000-0x00007fba97bc6000-0x00007fba97bc6000), size 12345344, SharedBaseAddress: 0x00007fba97000000, ArchiveRelocationMode: 1.
[2024-01-29T15:24:21.314+0530][gc,metaspace] Compressed class space mapped at: 0x00007fba98000000-0x00007fbad8000000, reserved size: 1073741824
[2024-01-29T15:24:21.314+0530][gc,metaspace] Narrow klass base: 0x00007fba97000000, Narrow klass shift: 0, Narrow klass range: 0x100000000
[2024-01-29T15:24:21.835+0530][gc,start    ] GC(0) Pause Young (Normal) (G1 Evacuation Pause)
[2024-01-29T15:24:21.835+0530][gc,task     ] GC(0) Using 13 workers of 13 for evacuation
[2024-01-29T15:24:21.837+0530][gc,phases   ] GC(0)   Pre Evacuate Collection Set: 0.1ms
[2024-01-29T15:24:21.837+0530][gc,phases   ] GC(0)   Merge Heap Roots: 0.0ms
[2024-01-29T15:24:21.837+0530][gc,phases   ] GC(0)   Evacuate Collection Set: 1.5ms
[2024-01-29T15:24:21.837+0530][gc,phases   ] GC(0)   Post Evacuate Collection Set: 0.2ms
[2024-01-29T15:24:21.837+0530][gc,phases   ] GC(0)   Other: 0.7ms
[2024-01-29T15:24:21.837+0530][gc,heap     ] GC(0) Eden regions: 51->0(44)
[2024-01-29T15:24:21.837+0530][gc,heap     ] GC(0) Survivor regions: 0->7(7)
[2024-01-29T15:24:21.837+0530][gc,heap     ] GC(0) Old regions: 0->0
[2024-01-29T15:24:21.837+0530][gc,heap     ] GC(0) Archive regions: 2->2
[2024-01-29T15:24:21.837+0530][gc,heap     ] GC(0) Humongous regions: 0->0
[2024-01-29T15:24:21.837+0530][gc,metaspace] GC(0) Metaspace: 19089K(19264K)->19089K(19264K) NonClass: 16800K(16896K)->16800K(16896K) Class: 2288K(2368K)->2288K(2368K)
[2024-01-29T15:24:21.837+0530][gc          ] GC(0) Pause Young (Normal) (G1 Evacuation Pause) 51M->7M(1024M) 2.500ms
[2024-01-29T15:24:21.837+0530][gc,cpu      ] GC(0) User=0.02s Sys=0.00s Real=0.00s
[2024-01-29T15:24:21.966+0530][gc,start    ] GC(1) Pause Young (Concurrent Start) (GCLocker Initiated GC)
[2024-01-29T15:24:21.966+0530][gc,task     ] GC(1) Using 13 workers of 13 for evacuation
[2024-01-29T15:24:21.969+0530][gc,phases   ] GC(1)   Pre Evacuate Collection Set: 0.1ms
[2024-01-29T15:24:21.969+0530][gc,phases   ] GC(1)   Merge Heap Roots: 0.0ms
[2024-01-29T15:24:21.969+0530][gc,phases   ] GC(1)   Evacuate Collection Set: 2.7ms
[2024-01-29T15:24:21.969+0530][gc,phases   ] GC(1)   Post Evacuate Collection Set: 0.3ms
[2024-01-29T15:24:21.969+0530][gc,phases   ] GC(1)   Other: 0.2ms
[2024-01-29T15:24:21.969+0530][gc,heap     ] GC(1) Eden regions: 10->0(49)
[2024-01-29T15:24:21.969+0530][gc,heap     ] GC(1) Survivor regions: 7->2(7)
[2024-01-29T15:24:21.969+0530][gc,heap     ] GC(1) Old regions: 0->7
[2024-01-29T15:24:21.969+0530][gc,heap     ] GC(1) Archive regions: 2->2
[2024-01-29T15:24:21.969+0530][gc,heap     ] GC(1) Humongous regions: 129->129
[2024-01-29T15:24:21.969+0530][gc,metaspace] GC(1) Metaspace: 21279K(21568K)->21279K(21568K) NonClass: 18721K(18880K)->18721K(18880K) Class: 2558K(2688K)->2558K(2688K)
[2024-01-29T15:24:21.969+0530][gc          ] GC(1) Pause Young (Concurrent Start) (GCLocker Initiated GC) 146M->138M(1024M) 3.289ms
[2024-01-29T15:24:21.969+0530][gc,cpu      ] GC(1) User=0.03s Sys=0.00s Real=0.00s
[2024-01-29T15:24:21.969+0530][gc          ] GC(2) Concurrent Mark Cycle
[2024-01-29T15:24:21.969+0530][gc,marking  ] GC(2) Concurrent Clear Claimed Marks
[2024-01-29T15:24:21.969+0530][gc,marking  ] GC(2) Concurrent Clear Claimed Marks 0.018ms
[2024-01-29T15:24:21.969+0530][gc,marking  ] GC(2) Concurrent Scan Root Regions
[2024-01-29T15:24:21.971+0530][gc,marking  ] GC(2) Concurrent Scan Root Regions 1.151ms
[2024-01-29T15:24:21.971+0530][gc,marking  ] GC(2) Concurrent Mark
[2024-01-29T15:24:21.971+0530][gc,marking  ] GC(2) Concurrent Mark From Roots
[2024-01-29T15:24:21.971+0530][gc,task     ] GC(2) Using 3 workers of 3 for marking
[2024-01-29T15:24:21.971+0530][gc,marking  ] GC(2) Concurrent Mark From Roots 0.878ms
[2024-01-29T15:24:21.971+0530][gc,marking  ] GC(2) Concurrent Preclean
[2024-01-29T15:24:21.972+0530][gc,marking  ] GC(2) Concurrent Preclean 0.045ms
[2024-01-29T15:24:21.972+0530][gc,start    ] GC(2) Pause Remark
[2024-01-29T15:24:21.973+0530][gc          ] GC(2) Pause Remark 139M->139M(1024M) 0.782ms
[2024-01-29T15:24:21.973+0530][gc,cpu      ] GC(2) User=0.00s Sys=0.00s Real=0.00s
[2024-01-29T15:24:21.973+0530][gc,marking  ] GC(2) Concurrent Mark 2.115ms
[2024-01-29T15:24:21.973+0530][gc,marking  ] GC(2) Concurrent Rebuild Remembered Sets
[2024-01-29T15:24:21.973+0530][gc,marking  ] GC(2) Concurrent Rebuild Remembered Sets 0.003ms
[2024-01-29T15:24:21.973+0530][gc,start    ] GC(2) Pause Cleanup
[2024-01-29T15:24:21.973+0530][gc          ] GC(2) Pause Cleanup 139M->139M(1024M) 0.006ms
[2024-01-29T15:24:21.973+0530][gc,cpu      ] GC(2) User=0.00s Sys=0.00s Real=0.00s
[2024-01-29T15:24:21.973+0530][gc,marking  ] GC(2) Concurrent Cleanup for Next Mark
[2024-01-29T15:24:21.975+0530][gc,marking  ] GC(2) Concurrent Cleanup for Next Mark 2.085ms
[2024-01-29T15:24:21.975+0530][gc          ] GC(2) Concurrent Mark Cycle 5.796ms
[2024-01-29T15:24:22.344+0530][gc,start    ] GC(3) Pause Young (Normal) (G1 Evacuation Pause)
[2024-01-29T15:24:22.344+0530][gc,task     ] GC(3) Using 13 workers of 13 for evacuation
[2024-01-29T15:24:22.345+0530][gc,phases   ] GC(3)   Pre Evacuate Collection Set: 0.1ms
[2024-01-29T15:24:22.345+0530][gc,phases   ] GC(3)   Merge Heap Roots: 0.0ms
[2024-01-29T15:24:22.345+0530][gc,phases   ] GC(3)   Evacuate Collection Set: 1.2ms
[2024-01-29T15:24:22.345+0530][gc,phases   ] GC(3)   Post Evacuate Collection Set: 0.2ms
[2024-01-29T15:24:22.345+0530][gc,phases   ] GC(3)   Other: 0.1ms
[2024-01-29T15:24:22.345+0530][gc,heap     ] GC(3) Eden regions: 49->0(45)
[2024-01-29T15:24:22.345+0530][gc,heap     ] GC(3) Survivor regions: 2->6(7)
[2024-01-29T15:24:22.345+0530][gc,heap     ] GC(3) Old regions: 7->7
[2024-01-29T15:24:22.345+0530][gc,heap     ] GC(3) Archive regions: 2->2
[2024-01-29T15:24:22.345+0530][gc,heap     ] GC(3) Humongous regions: 129->129
[2024-01-29T15:24:22.345+0530][gc,metaspace] GC(3) Metaspace: 33220K(33472K)->33220K(33472K) NonClass: 29521K(29696K)->29521K(29696K) Class: 3699K(3776K)->3699K(3776K)
[2024-01-29T15:24:22.345+0530][gc          ] GC(3) Pause Young (Normal) (G1 Evacuation Pause) 187M->142M(1024M) 1.644ms
[2024-01-29T15:24:22.345+0530][gc,cpu      ] GC(3) User=0.02s Sys=0.00s Real=0.00s
[2024-01-29T15:29:04.329+0530][gc,start    ] GC(4) Pause Young (Concurrent Start) (Metadata GC Threshold)
[2024-01-29T15:29:04.329+0530][gc,task     ] GC(4) Using 13 workers of 13 for evacuation
[2024-01-29T15:29:04.332+0530][gc,phases   ] GC(4)   Pre Evacuate Collection Set: 0.1ms
[2024-01-29T15:29:04.332+0530][gc,phases   ] GC(4)   Merge Heap Roots: 0.0ms
[2024-01-29T15:29:04.332+0530][gc,phases   ] GC(4)   Evacuate Collection Set: 2.5ms
[2024-01-29T15:29:04.332+0530][gc,phases   ] GC(4)   Post Evacuate Collection Set: 0.3ms
[2024-01-29T15:29:04.332+0530][gc,phases   ] GC(4)   Other: 0.2ms
[2024-01-29T15:29:04.332+0530][gc,heap     ] GC(4) Eden regions: 14->0(49)
[2024-01-29T15:29:04.332+0530][gc,heap     ] GC(4) Survivor regions: 6->2(7)
[2024-01-29T15:29:04.332+0530][gc,heap     ] GC(4) Old regions: 7->13
[2024-01-29T15:29:04.332+0530][gc,heap     ] GC(4) Archive regions: 2->2
[2024-01-29T15:29:04.332+0530][gc,heap     ] GC(4) Humongous regions: 129->129
[2024-01-29T15:29:04.332+0530][gc,metaspace] GC(4) Metaspace: 35787K(36096K)->35787K(36096K) NonClass: 31716K(31872K)->31716K(31872K) Class: 4070K(4224K)->4070K(4224K)
[2024-01-29T15:29:04.332+0530][gc          ] GC(4) Pause Young (Concurrent Start) (Metadata GC Threshold) 155M->143M(1024M) 3.181ms
[2024-01-29T15:29:04.332+0530][gc,cpu      ] GC(4) User=0.01s Sys=0.01s Real=0.00s
[2024-01-29T15:29:04.332+0530][gc          ] GC(5) Concurrent Mark Cycle
[2024-01-29T15:29:04.332+0530][gc,marking  ] GC(5) Concurrent Clear Claimed Marks
[2024-01-29T15:29:04.332+0530][gc,marking  ] GC(5) Concurrent Clear Claimed Marks 0.032ms
[2024-01-29T15:29:04.332+0530][gc,marking  ] GC(5) Concurrent Scan Root Regions
[2024-01-29T15:29:04.334+0530][gc,marking  ] GC(5) Concurrent Scan Root Regions 1.369ms
[2024-01-29T15:29:04.334+0530][gc,marking  ] GC(5) Concurrent Mark
[2024-01-29T15:29:04.334+0530][gc,marking  ] GC(5) Concurrent Mark From Roots
[2024-01-29T15:29:04.334+0530][gc,task     ] GC(5) Using 3 workers of 3 for marking
[2024-01-29T15:29:04.337+0530][gc,marking  ] GC(5) Concurrent Mark From Roots 2.902ms
[2024-01-29T15:29:04.337+0530][gc,marking  ] GC(5) Concurrent Preclean
[2024-01-29T15:29:04.337+0530][gc,marking  ] GC(5) Concurrent Preclean 0.083ms
[2024-01-29T15:29:04.337+0530][gc,start    ] GC(5) Pause Remark
[2024-01-29T15:29:04.338+0530][gc          ] GC(5) Pause Remark 143M->143M(1024M) 0.901ms
[2024-01-29T15:29:04.338+0530][gc,cpu      ] GC(5) User=0.01s Sys=0.00s Real=0.00s
[2024-01-29T15:29:04.338+0530][gc,marking  ] GC(5) Concurrent Mark 4.123ms
[2024-01-29T15:29:04.338+0530][gc,marking  ] GC(5) Concurrent Rebuild Remembered Sets
[2024-01-29T15:29:04.340+0530][gc,marking  ] GC(5) Concurrent Rebuild Remembered Sets 2.522ms
[2024-01-29T15:29:04.340+0530][gc,start    ] GC(5) Pause Cleanup
[2024-01-29T15:29:04.341+0530][gc          ] GC(5) Pause Cleanup 143M->143M(1024M) 0.104ms
[2024-01-29T15:29:04.341+0530][gc,cpu      ] GC(5) User=0.00s Sys=0.00s Real=0.00s
[2024-01-29T15:29:04.341+0530][gc,marking  ] GC(5) Concurrent Cleanup for Next Mark
[2024-01-29T15:29:04.343+0530][gc,marking  ] GC(5) Concurrent Cleanup for Next Mark 2.536ms
[2024-01-29T15:29:04.343+0530][gc          ] GC(5) Concurrent Mark Cycle 10.856ms
[2024-01-29T16:13:14.356+0530][gc,start    ] GC(6) Pause Young (Normal) (G1 Evacuation Pause)
[2024-01-29T16:13:14.356+0530][gc,task     ] GC(6) Using 13 workers of 13 for evacuation
[2024-01-29T16:13:14.360+0530][gc,phases   ] GC(6)   Pre Evacuate Collection Set: 0.3ms
[2024-01-29T16:13:14.360+0530][gc,phases   ] GC(6)   Merge Heap Roots: 0.2ms
[2024-01-29T16:13:14.360+0530][gc,phases   ] GC(6)   Evacuate Collection Set: 2.6ms
[2024-01-29T16:13:14.360+0530][gc,phases   ] GC(6)   Post Evacuate Collection Set: 0.8ms
[2024-01-29T16:13:14.360+0530][gc,phases   ] GC(6)   Other: 0.3ms
[2024-01-29T16:13:14.360+0530][gc,heap     ] GC(6) Eden regions: 49->0(49)
[2024-01-29T16:13:14.360+0530][gc,heap     ] GC(6) Survivor regions: 2->2(7)
[2024-01-29T16:13:14.361+0530][gc,heap     ] GC(6) Old regions: 13->13
[2024-01-29T16:13:14.361+0530][gc,heap     ] GC(6) Archive regions: 2->2
[2024-01-29T16:13:14.361+0530][gc,heap     ] GC(6) Humongous regions: 129->129
[2024-01-29T16:13:14.361+0530][gc,metaspace] GC(6) Metaspace: 38374K(38848K)->38374K(38848K) NonClass: 34012K(34304K)->34012K(34304K) Class: 4361K(4544K)->4361K(4544K)
[2024-01-29T16:13:14.361+0530][gc          ] GC(6) Pause Young (Normal) (G1 Evacuation Pause) 192M->143M(1024M) 4.381ms
[2024-01-29T16:13:14.361+0530][gc,cpu      ] GC(6) User=0.03s Sys=0.00s Real=0.00s
[2024-01-29T16:16:37.177+0530][gc,heap,exit] Heap
[2024-01-29T16:16:37.177+0530][gc,heap,exit]  garbage-first heap   total 1048576K, used 159572K [0x00000000c0000000, 0x0000000100000000)
[2024-01-29T16:16:37.177+0530][gc,heap,exit]   region size 1024K, 15 young (15360K), 2 survivors (2048K)
[2024-01-29T16:16:37.177+0530][gc,heap,exit]  Metaspace       used 39070K, committed 39488K, reserved 1114112K
[2024-01-29T16:16:37.177+0530][gc,heap,exit]   class space    used 4502K, committed 4672K, reserved 1048576K
