[2024-01-29T15:24:10.973+0530][gc] Using G1
[2024-01-29T15:24:10.979+0530][gc,init] Version: 17.0.9+9-Ubuntu-122.04 (release)
[2024-01-29T15:24:10.979+0530][gc,init] CPUs: 16 total, 16 available
[2024-01-29T15:24:10.979+0530][gc,init] Memory: 31911M
[2024-01-29T15:24:10.979+0530][gc,init] Large Page Support: Disabled
[2024-01-29T15:24:10.979+0530][gc,init] NUMA Support: Disabled
[2024-01-29T15:24:10.979+0530][gc,init] Compressed Oops: Enabled (32-bit)
[2024-01-29T15:24:10.979+0530][gc,init] Heap Region Size: 1M
[2024-01-29T15:24:10.979+0530][gc,init] Heap Min Capacity: 1G
[2024-01-29T15:24:10.979+0530][gc,init] Heap Initial Capacity: 1G
[2024-01-29T15:24:10.979+0530][gc,init] Heap Max Capacity: 1G
[2024-01-29T15:24:10.979+0530][gc,init] Pre-touch: Disabled
[2024-01-29T15:24:10.979+0530][gc,init] Parallel Workers: 13
[2024-01-29T15:24:10.979+0530][gc,init] Concurrent Workers: 3
[2024-01-29T15:24:10.979+0530][gc,init] Concurrent Refinement Workers: 13
[2024-01-29T15:24:10.979+0530][gc,init] Periodic GC: Disabled
[2024-01-29T15:24:10.983+0530][gc,metaspace] CDS archive(s) mapped at: [0x00007f3c97000000-0x00007f3c97bc6000-0x00007f3c97bc6000), size 12345344, SharedBaseAddress: 0x00007f3c97000000, ArchiveRelocationMode: 1.
[2024-01-29T15:24:10.983+0530][gc,metaspace] Compressed class space mapped at: 0x00007f3c98000000-0x00007f3cd8000000, reserved size: 1073741824
[2024-01-29T15:24:10.983+0530][gc,metaspace] Narrow klass base: 0x00007f3c97000000, Narrow klass shift: 0, Narrow klass range: 0x100000000
[2024-01-29T15:24:11.503+0530][gc,start    ] GC(0) Pause Young (Normal) (G1 Evacuation Pause)
[2024-01-29T15:24:11.503+0530][gc,task     ] GC(0) Using 13 workers of 13 for evacuation
[2024-01-29T15:24:11.505+0530][gc,phases   ] GC(0)   Pre Evacuate Collection Set: 0.0ms
[2024-01-29T15:24:11.505+0530][gc,phases   ] GC(0)   Merge Heap Roots: 0.0ms
[2024-01-29T15:24:11.505+0530][gc,phases   ] GC(0)   Evacuate Collection Set: 1.6ms
[2024-01-29T15:24:11.505+0530][gc,phases   ] GC(0)   Post Evacuate Collection Set: 0.2ms
[2024-01-29T15:24:11.505+0530][gc,phases   ] GC(0)   Other: 0.6ms
[2024-01-29T15:24:11.505+0530][gc,heap     ] GC(0) Eden regions: 51->0(44)
[2024-01-29T15:24:11.505+0530][gc,heap     ] GC(0) Survivor regions: 0->7(7)
[2024-01-29T15:24:11.505+0530][gc,heap     ] GC(0) Old regions: 0->1
[2024-01-29T15:24:11.505+0530][gc,heap     ] GC(0) Archive regions: 2->2
[2024-01-29T15:24:11.505+0530][gc,heap     ] GC(0) Humongous regions: 0->0
[2024-01-29T15:24:11.505+0530][gc,metaspace] GC(0) Metaspace: 19087K(19264K)->19087K(19264K) NonClass: 16797K(16896K)->16797K(16896K) Class: 2290K(2368K)->2290K(2368K)
[2024-01-29T15:24:11.505+0530][gc          ] GC(0) Pause Young (Normal) (G1 Evacuation Pause) 51M->8M(1024M) 2.543ms
[2024-01-29T15:24:11.505+0530][gc,cpu      ] GC(0) User=0.02s Sys=0.00s Real=0.00s
[2024-01-29T15:24:11.632+0530][gc,start    ] GC(1) Pause Young (Concurrent Start) (Metadata GC Threshold)
[2024-01-29T15:24:11.632+0530][gc,task     ] GC(1) Using 13 workers of 13 for evacuation
[2024-01-29T15:24:11.636+0530][gc,phases   ] GC(1)   Pre Evacuate Collection Set: 0.1ms
[2024-01-29T15:24:11.636+0530][gc,phases   ] GC(1)   Merge Heap Roots: 0.0ms
[2024-01-29T15:24:11.636+0530][gc,phases   ] GC(1)   Evacuate Collection Set: 3.7ms
[2024-01-29T15:24:11.636+0530][gc,phases   ] GC(1)   Post Evacuate Collection Set: 0.6ms
[2024-01-29T15:24:11.636+0530][gc,phases   ] GC(1)   Other: 0.2ms
[2024-01-29T15:24:11.636+0530][gc,heap     ] GC(1) Eden regions: 10->0(49)
[2024-01-29T15:24:11.636+0530][gc,heap     ] GC(1) Survivor regions: 7->2(7)
[2024-01-29T15:24:11.636+0530][gc,heap     ] GC(1) Old regions: 1->8
[2024-01-29T15:24:11.636+0530][gc,heap     ] GC(1) Archive regions: 2->2
[2024-01-29T15:24:11.636+0530][gc,heap     ] GC(1) Humongous regions: 129->129
[2024-01-29T15:24:11.636+0530][gc,metaspace] GC(1) Metaspace: 21287K(21504K)->21287K(21504K) NonClass: 18728K(18816K)->18728K(18816K) Class: 2558K(2688K)->2558K(2688K)
[2024-01-29T15:24:11.636+0530][gc          ] GC(1) Pause Young (Concurrent Start) (Metadata GC Threshold) 146M->138M(1024M) 4.731ms
[2024-01-29T15:24:11.636+0530][gc,cpu      ] GC(1) User=0.02s Sys=0.01s Real=0.01s
[2024-01-29T15:24:11.636+0530][gc          ] GC(2) Concurrent Mark Cycle
[2024-01-29T15:24:11.636+0530][gc,marking  ] GC(2) Concurrent Clear Claimed Marks
[2024-01-29T15:24:11.636+0530][gc,marking  ] GC(2) Concurrent Clear Claimed Marks 0.030ms
[2024-01-29T15:24:11.636+0530][gc,marking  ] GC(2) Concurrent Scan Root Regions
[2024-01-29T15:24:11.638+0530][gc,marking  ] GC(2) Concurrent Scan Root Regions 1.700ms
[2024-01-29T15:24:11.638+0530][gc,marking  ] GC(2) Concurrent Mark
[2024-01-29T15:24:11.638+0530][gc,marking  ] GC(2) Concurrent Mark From Roots
[2024-01-29T15:24:11.638+0530][gc,task     ] GC(2) Using 3 workers of 3 for marking
[2024-01-29T15:24:11.639+0530][gc,marking  ] GC(2) Concurrent Mark From Roots 1.211ms
[2024-01-29T15:24:11.639+0530][gc,marking  ] GC(2) Concurrent Preclean
[2024-01-29T15:24:11.640+0530][gc,marking  ] GC(2) Concurrent Preclean 0.057ms
[2024-01-29T15:24:11.640+0530][gc,start    ] GC(2) Pause Remark
[2024-01-29T15:24:11.641+0530][gc          ] GC(2) Pause Remark 139M->139M(1024M) 1.012ms
[2024-01-29T15:24:11.641+0530][gc,cpu      ] GC(2) User=0.00s Sys=0.00s Real=0.00s
[2024-01-29T15:24:11.641+0530][gc,marking  ] GC(2) Concurrent Mark 2.947ms
[2024-01-29T15:24:11.641+0530][gc,marking  ] GC(2) Concurrent Rebuild Remembered Sets
[2024-01-29T15:24:11.643+0530][gc,marking  ] GC(2) Concurrent Rebuild Remembered Sets 1.793ms
[2024-01-29T15:24:11.643+0530][gc,start    ] GC(2) Pause Cleanup
[2024-01-29T15:24:11.643+0530][gc          ] GC(2) Pause Cleanup 139M->139M(1024M) 0.072ms
[2024-01-29T15:24:11.643+0530][gc,cpu      ] GC(2) User=0.00s Sys=0.00s Real=0.00s
[2024-01-29T15:24:11.643+0530][gc,marking  ] GC(2) Concurrent Cleanup for Next Mark
[2024-01-29T15:24:11.645+0530][gc,marking  ] GC(2) Concurrent Cleanup for Next Mark 1.889ms
[2024-01-29T15:24:11.645+0530][gc          ] GC(2) Concurrent Mark Cycle 8.736ms
[2024-01-29T15:24:11.999+0530][gc,start    ] GC(3) Pause Young (Normal) (G1 Evacuation Pause)
[2024-01-29T15:24:11.999+0530][gc,task     ] GC(3) Using 13 workers of 13 for evacuation
[2024-01-29T15:24:12.002+0530][gc,phases   ] GC(3)   Pre Evacuate Collection Set: 0.1ms
[2024-01-29T15:24:12.002+0530][gc,phases   ] GC(3)   Merge Heap Roots: 0.0ms
[2024-01-29T15:24:12.002+0530][gc,phases   ] GC(3)   Evacuate Collection Set: 2.3ms
[2024-01-29T15:24:12.002+0530][gc,phases   ] GC(3)   Post Evacuate Collection Set: 0.2ms
[2024-01-29T15:24:12.002+0530][gc,phases   ] GC(3)   Other: 0.1ms
[2024-01-29T15:24:12.002+0530][gc,heap     ] GC(3) Eden regions: 49->0(45)
[2024-01-29T15:24:12.002+0530][gc,heap     ] GC(3) Survivor regions: 2->6(7)
[2024-01-29T15:24:12.002+0530][gc,heap     ] GC(3) Old regions: 8->8
[2024-01-29T15:24:12.002+0530][gc,heap     ] GC(3) Archive regions: 2->2
[2024-01-29T15:24:12.002+0530][gc,heap     ] GC(3) Humongous regions: 129->129
[2024-01-29T15:24:12.002+0530][gc,metaspace] GC(3) Metaspace: 33021K(33280K)->33021K(33280K) NonClass: 29312K(29440K)->29312K(29440K) Class: 3708K(3840K)->3708K(3840K)
[2024-01-29T15:24:12.002+0530][gc          ] GC(3) Pause Young (Normal) (G1 Evacuation Pause) 187M->142M(1024M) 2.838ms
[2024-01-29T15:24:12.002+0530][gc,cpu      ] GC(3) User=0.03s Sys=0.00s Real=0.00s
[2024-01-29T15:24:22.220+0530][gc,start    ] GC(4) Pause Young (Concurrent Start) (Metadata GC Threshold)
[2024-01-29T15:24:22.221+0530][gc,task     ] GC(4) Using 13 workers of 13 for evacuation
[2024-01-29T15:24:22.224+0530][gc,phases   ] GC(4)   Pre Evacuate Collection Set: 0.1ms
[2024-01-29T15:24:22.224+0530][gc,phases   ] GC(4)   Merge Heap Roots: 0.0ms
[2024-01-29T15:24:22.224+0530][gc,phases   ] GC(4)   Evacuate Collection Set: 2.8ms
[2024-01-29T15:24:22.224+0530][gc,phases   ] GC(4)   Post Evacuate Collection Set: 0.7ms
[2024-01-29T15:24:22.224+0530][gc,phases   ] GC(4)   Other: 0.2ms
[2024-01-29T15:24:22.224+0530][gc,heap     ] GC(4) Eden regions: 14->0(49)
[2024-01-29T15:24:22.224+0530][gc,heap     ] GC(4) Survivor regions: 6->2(7)
[2024-01-29T15:24:22.224+0530][gc,heap     ] GC(4) Old regions: 8->13
[2024-01-29T15:24:22.224+0530][gc,heap     ] GC(4) Archive regions: 2->2
[2024-01-29T15:24:22.224+0530][gc,heap     ] GC(4) Humongous regions: 129->129
[2024-01-29T15:24:22.224+0530][gc,metaspace] GC(4) Metaspace: 35718K(36096K)->35718K(36096K) NonClass: 31542K(31744K)->31542K(31744K) Class: 4176K(4352K)->4176K(4352K)
[2024-01-29T15:24:22.224+0530][gc          ] GC(4) Pause Young (Concurrent Start) (Metadata GC Threshold) 156M->143M(1024M) 3.974ms
[2024-01-29T15:24:22.224+0530][gc,cpu      ] GC(4) User=0.01s Sys=0.03s Real=0.00s
[2024-01-29T15:24:22.225+0530][gc          ] GC(5) Concurrent Mark Cycle
[2024-01-29T15:24:22.225+0530][gc,marking  ] GC(5) Concurrent Clear Claimed Marks
[2024-01-29T15:24:22.225+0530][gc,marking  ] GC(5) Concurrent Clear Claimed Marks 0.058ms
[2024-01-29T15:24:22.225+0530][gc,marking  ] GC(5) Concurrent Scan Root Regions
[2024-01-29T15:24:22.227+0530][gc,marking  ] GC(5) Concurrent Scan Root Regions 2.094ms
[2024-01-29T15:24:22.227+0530][gc,marking  ] GC(5) Concurrent Mark
[2024-01-29T15:24:22.227+0530][gc,marking  ] GC(5) Concurrent Mark From Roots
[2024-01-29T15:24:22.227+0530][gc,task     ] GC(5) Using 3 workers of 3 for marking
[2024-01-29T15:24:22.230+0530][gc,marking  ] GC(5) Concurrent Mark From Roots 3.520ms
[2024-01-29T15:24:22.230+0530][gc,marking  ] GC(5) Concurrent Preclean
[2024-01-29T15:24:22.230+0530][gc,marking  ] GC(5) Concurrent Preclean 0.122ms
[2024-01-29T15:24:22.231+0530][gc,start    ] GC(5) Pause Remark
[2024-01-29T15:24:22.232+0530][gc          ] GC(5) Pause Remark 144M->144M(1024M) 1.069ms
[2024-01-29T15:24:22.232+0530][gc,cpu      ] GC(5) User=0.01s Sys=0.00s Real=0.00s
[2024-01-29T15:24:22.232+0530][gc,marking  ] GC(5) Concurrent Mark 4.954ms
[2024-01-29T15:24:22.232+0530][gc,marking  ] GC(5) Concurrent Rebuild Remembered Sets
[2024-01-29T15:24:22.234+0530][gc,marking  ] GC(5) Concurrent Rebuild Remembered Sets 2.465ms
[2024-01-29T15:24:22.234+0530][gc,start    ] GC(5) Pause Cleanup
[2024-01-29T15:24:22.235+0530][gc          ] GC(5) Pause Cleanup 144M->144M(1024M) 0.276ms
[2024-01-29T15:24:22.235+0530][gc,cpu      ] GC(5) User=0.01s Sys=0.00s Real=0.00s
[2024-01-29T15:24:22.235+0530][gc,marking  ] GC(5) Concurrent Cleanup for Next Mark
[2024-01-29T15:24:22.238+0530][gc,marking  ] GC(5) Concurrent Cleanup for Next Mark 3.000ms
[2024-01-29T15:24:22.238+0530][gc          ] GC(5) Concurrent Mark Cycle 13.224ms
[2024-01-29T15:45:29.348+0530][gc,start    ] GC(6) Pause Young (Prepare Mixed) (G1 Evacuation Pause)
[2024-01-29T15:45:29.348+0530][gc,task     ] GC(6) Using 13 workers of 13 for evacuation
[2024-01-29T15:45:29.349+0530][gc,phases   ] GC(6)   Pre Evacuate Collection Set: 0.2ms
[2024-01-29T15:45:29.349+0530][gc,phases   ] GC(6)   Merge Heap Roots: 0.0ms
[2024-01-29T15:45:29.349+0530][gc,phases   ] GC(6)   Evacuate Collection Set: 0.8ms
[2024-01-29T15:45:29.349+0530][gc,phases   ] GC(6)   Post Evacuate Collection Set: 0.2ms
[2024-01-29T15:45:29.349+0530][gc,phases   ] GC(6)   Other: 0.1ms
[2024-01-29T15:45:29.349+0530][gc,heap     ] GC(6) Eden regions: 49->0(48)
[2024-01-29T15:45:29.349+0530][gc,heap     ] GC(6) Survivor regions: 2->3(7)
[2024-01-29T15:45:29.349+0530][gc,heap     ] GC(6) Old regions: 13->13
[2024-01-29T15:45:29.349+0530][gc,heap     ] GC(6) Archive regions: 2->2
[2024-01-29T15:45:29.349+0530][gc,heap     ] GC(6) Humongous regions: 129->129
[2024-01-29T15:45:29.349+0530][gc,metaspace] GC(6) Metaspace: 39510K(40064K)->39510K(40064K) NonClass: 34698K(35008K)->34698K(35008K) Class: 4811K(5056K)->4811K(5056K)
[2024-01-29T15:45:29.349+0530][gc          ] GC(6) Pause Young (Prepare Mixed) (G1 Evacuation Pause) 192M->144M(1024M) 1.277ms
[2024-01-29T15:45:29.349+0530][gc,cpu      ] GC(6) User=0.00s Sys=0.00s Real=0.00s
[2024-01-29T16:13:18.133+0530][gc,start    ] GC(7) Pause Young (Mixed) (G1 Evacuation Pause)
[2024-01-29T16:13:18.133+0530][gc,task     ] GC(7) Using 13 workers of 13 for evacuation
[2024-01-29T16:13:18.136+0530][gc,phases   ] GC(7)   Pre Evacuate Collection Set: 0.2ms
[2024-01-29T16:13:18.136+0530][gc,phases   ] GC(7)   Merge Heap Roots: 0.1ms
[2024-01-29T16:13:18.136+0530][gc,phases   ] GC(7)   Evacuate Collection Set: 2.0ms
[2024-01-29T16:13:18.136+0530][gc,phases   ] GC(7)   Post Evacuate Collection Set: 0.4ms
[2024-01-29T16:13:18.136+0530][gc,phases   ] GC(7)   Other: 0.2ms
[2024-01-29T16:13:18.136+0530][gc,heap     ] GC(7) Eden regions: 48->0(48)
[2024-01-29T16:13:18.136+0530][gc,heap     ] GC(7) Survivor regions: 3->3(7)
[2024-01-29T16:13:18.136+0530][gc,heap     ] GC(7) Old regions: 13->13
[2024-01-29T16:13:18.136+0530][gc,heap     ] GC(7) Archive regions: 2->2
[2024-01-29T16:13:18.136+0530][gc,heap     ] GC(7) Humongous regions: 129->129
[2024-01-29T16:13:18.136+0530][gc,metaspace] GC(7) Metaspace: 40593K(41152K)->40593K(41152K) NonClass: 35709K(36032K)->35709K(36032K) Class: 4884K(5120K)->4884K(5120K)
[2024-01-29T16:13:18.136+0530][gc          ] GC(7) Pause Young (Mixed) (G1 Evacuation Pause) 192M->145M(1024M) 2.933ms
[2024-01-29T16:13:18.136+0530][gc,cpu      ] GC(7) User=0.02s Sys=0.00s Real=0.01s
[2024-01-29T16:16:40.853+0530][gc,heap,exit] Heap
[2024-01-29T16:16:40.853+0530][gc,heap,exit]  garbage-first heap   total 1048576K, used 164555K [0x00000000c0000000, 0x0000000100000000)
[2024-01-29T16:16:40.853+0530][gc,heap,exit]   region size 1024K, 19 young (19456K), 3 survivors (3072K)
[2024-01-29T16:16:40.853+0530][gc,heap,exit]  Metaspace       used 41324K, committed 41792K, reserved 1114112K
[2024-01-29T16:16:40.853+0530][gc,heap,exit]   class space    used 5050K, committed 5248K, reserved 1048576K
