[2024-01-29T14:57:56.094+0530][gc] Using G1
[2024-01-29T14:57:56.110+0530][gc,init] Version: 17.0.9+9-Ubuntu-122.04 (release)
[2024-01-29T14:57:56.110+0530][gc,init] CPUs: 16 total, 16 available
[2024-01-29T14:57:56.110+0530][gc,init] Memory: 31911M
[2024-01-29T14:57:56.110+0530][gc,init] Large Page Support: Disabled
[2024-01-29T14:57:56.110+0530][gc,init] NUMA Support: Disabled
[2024-01-29T14:57:56.110+0530][gc,init] Compressed Oops: Enabled (32-bit)
[2024-01-29T14:57:56.110+0530][gc,init] Heap Region Size: 1M
[2024-01-29T14:57:56.110+0530][gc,init] Heap Min Capacity: 1G
[2024-01-29T14:57:56.110+0530][gc,init] Heap Initial Capacity: 1G
[2024-01-29T14:57:56.110+0530][gc,init] Heap Max Capacity: 1G
[2024-01-29T14:57:56.110+0530][gc,init] Pre-touch: Disabled
[2024-01-29T14:57:56.110+0530][gc,init] Parallel Workers: 13
[2024-01-29T14:57:56.110+0530][gc,init] Concurrent Workers: 3
[2024-01-29T14:57:56.110+0530][gc,init] Concurrent Refinement Workers: 13
[2024-01-29T14:57:56.110+0530][gc,init] Periodic GC: Disabled
[2024-01-29T14:57:56.117+0530][gc,metaspace] CDS archive(s) mapped at: [0x00007fa7eb000000-0x00007fa7ebbc6000-0x00007fa7ebbc6000), size 12345344, SharedBaseAddress: 0x00007fa7eb000000, ArchiveRelocationMode: 1.
[2024-01-29T14:57:56.117+0530][gc,metaspace] Compressed class space mapped at: 0x00007fa7ec000000-0x00007fa82c000000, reserved size: 1073741824
[2024-01-29T14:57:56.117+0530][gc,metaspace] Narrow klass base: 0x00007fa7eb000000, Narrow klass shift: 0, Narrow klass range: 0x100000000
[2024-01-29T14:57:56.664+0530][gc,start    ] GC(0) Pause Young (Normal) (G1 Evacuation Pause)
[2024-01-29T14:57:56.664+0530][gc,task     ] GC(0) Using 13 workers of 13 for evacuation
[2024-01-29T14:57:56.666+0530][gc,phases   ] GC(0)   Pre Evacuate Collection Set: 0.0ms
[2024-01-29T14:57:56.666+0530][gc,phases   ] GC(0)   Merge Heap Roots: 0.0ms
[2024-01-29T14:57:56.666+0530][gc,phases   ] GC(0)   Evacuate Collection Set: 1.6ms
[2024-01-29T14:57:56.666+0530][gc,phases   ] GC(0)   Post Evacuate Collection Set: 0.2ms
[2024-01-29T14:57:56.666+0530][gc,phases   ] GC(0)   Other: 0.5ms
[2024-01-29T14:57:56.666+0530][gc,heap     ] GC(0) Eden regions: 51->0(44)
[2024-01-29T14:57:56.666+0530][gc,heap     ] GC(0) Survivor regions: 0->7(7)
[2024-01-29T14:57:56.666+0530][gc,heap     ] GC(0) Old regions: 0->1
[2024-01-29T14:57:56.666+0530][gc,heap     ] GC(0) Archive regions: 2->2
[2024-01-29T14:57:56.666+0530][gc,heap     ] GC(0) Humongous regions: 0->0
[2024-01-29T14:57:56.666+0530][gc,metaspace] GC(0) Metaspace: 19016K(19200K)->19016K(19200K) NonClass: 16742K(16832K)->16742K(16832K) Class: 2274K(2368K)->2274K(2368K)
[2024-01-29T14:57:56.666+0530][gc          ] GC(0) Pause Young (Normal) (G1 Evacuation Pause) 51M->7M(1024M) 2.486ms
[2024-01-29T14:57:56.666+0530][gc,cpu      ] GC(0) User=0.01s Sys=0.00s Real=0.01s
[2024-01-29T14:57:56.791+0530][gc,start    ] GC(1) Pause Young (Concurrent Start) (Metadata GC Threshold)
[2024-01-29T14:57:56.791+0530][gc,task     ] GC(1) Using 13 workers of 13 for evacuation
[2024-01-29T14:57:56.794+0530][gc,phases   ] GC(1)   Pre Evacuate Collection Set: 0.1ms
[2024-01-29T14:57:56.794+0530][gc,phases   ] GC(1)   Merge Heap Roots: 0.0ms
[2024-01-29T14:57:56.794+0530][gc,phases   ] GC(1)   Evacuate Collection Set: 2.3ms
[2024-01-29T14:57:56.794+0530][gc,phases   ] GC(1)   Post Evacuate Collection Set: 0.4ms
[2024-01-29T14:57:56.794+0530][gc,phases   ] GC(1)   Other: 0.2ms
[2024-01-29T14:57:56.794+0530][gc,heap     ] GC(1) Eden regions: 10->0(49)
[2024-01-29T14:57:56.794+0530][gc,heap     ] GC(1) Survivor regions: 7->2(7)
[2024-01-29T14:57:56.794+0530][gc,heap     ] GC(1) Old regions: 1->8
[2024-01-29T14:57:56.794+0530][gc,heap     ] GC(1) Archive regions: 2->2
[2024-01-29T14:57:56.794+0530][gc,heap     ] GC(1) Humongous regions: 129->129
[2024-01-29T14:57:56.794+0530][gc,metaspace] GC(1) Metaspace: 21284K(21504K)->21284K(21504K) NonClass: 18736K(18816K)->18736K(18816K) Class: 2547K(2688K)->2547K(2688K)
[2024-01-29T14:57:56.794+0530][gc          ] GC(1) Pause Young (Concurrent Start) (Metadata GC Threshold) 146M->138M(1024M) 3.042ms
[2024-01-29T14:57:56.794+0530][gc,cpu      ] GC(1) User=0.02s Sys=0.00s Real=0.01s
[2024-01-29T14:57:56.794+0530][gc          ] GC(2) Concurrent Mark Cycle
[2024-01-29T14:57:56.794+0530][gc,marking  ] GC(2) Concurrent Clear Claimed Marks
[2024-01-29T14:57:56.794+0530][gc,marking  ] GC(2) Concurrent Clear Claimed Marks 0.011ms
[2024-01-29T14:57:56.794+0530][gc,marking  ] GC(2) Concurrent Scan Root Regions
[2024-01-29T14:57:56.795+0530][gc,marking  ] GC(2) Concurrent Scan Root Regions 1.417ms
[2024-01-29T14:57:56.795+0530][gc,marking  ] GC(2) Concurrent Mark
[2024-01-29T14:57:56.795+0530][gc,marking  ] GC(2) Concurrent Mark From Roots
[2024-01-29T14:57:56.795+0530][gc,task     ] GC(2) Using 3 workers of 3 for marking
[2024-01-29T14:57:56.796+0530][gc,marking  ] GC(2) Concurrent Mark From Roots 0.812ms
[2024-01-29T14:57:56.796+0530][gc,marking  ] GC(2) Concurrent Preclean
[2024-01-29T14:57:56.796+0530][gc,marking  ] GC(2) Concurrent Preclean 0.040ms
[2024-01-29T14:57:56.796+0530][gc,start    ] GC(2) Pause Remark
[2024-01-29T14:57:56.797+0530][gc          ] GC(2) Pause Remark 139M->139M(1024M) 0.646ms
[2024-01-29T14:57:56.797+0530][gc,cpu      ] GC(2) User=0.00s Sys=0.00s Real=0.00s
[2024-01-29T14:57:56.797+0530][gc,marking  ] GC(2) Concurrent Mark 1.565ms
[2024-01-29T14:57:56.797+0530][gc,marking  ] GC(2) Concurrent Rebuild Remembered Sets
[2024-01-29T14:57:56.798+0530][gc,marking  ] GC(2) Concurrent Rebuild Remembered Sets 1.065ms
[2024-01-29T14:57:56.798+0530][gc,start    ] GC(2) Pause Cleanup
[2024-01-29T14:57:56.798+0530][gc          ] GC(2) Pause Cleanup 139M->139M(1024M) 0.048ms
[2024-01-29T14:57:56.798+0530][gc,cpu      ] GC(2) User=0.00s Sys=0.00s Real=0.00s
[2024-01-29T14:57:56.798+0530][gc,marking  ] GC(2) Concurrent Cleanup for Next Mark
[2024-01-29T14:57:56.800+0530][gc,marking  ] GC(2) Concurrent Cleanup for Next Mark 1.728ms
[2024-01-29T14:57:56.800+0530][gc          ] GC(2) Concurrent Mark Cycle 6.015ms
[2024-01-29T14:57:57.152+0530][gc,start    ] GC(3) Pause Young (Normal) (G1 Evacuation Pause)
[2024-01-29T14:57:57.152+0530][gc,task     ] GC(3) Using 13 workers of 13 for evacuation
[2024-01-29T14:57:57.155+0530][gc,phases   ] GC(3)   Pre Evacuate Collection Set: 0.1ms
[2024-01-29T14:57:57.155+0530][gc,phases   ] GC(3)   Merge Heap Roots: 0.0ms
[2024-01-29T14:57:57.155+0530][gc,phases   ] GC(3)   Evacuate Collection Set: 2.4ms
[2024-01-29T14:57:57.155+0530][gc,phases   ] GC(3)   Post Evacuate Collection Set: 0.4ms
[2024-01-29T14:57:57.155+0530][gc,phases   ] GC(3)   Other: 0.1ms
[2024-01-29T14:57:57.155+0530][gc,heap     ] GC(3) Eden regions: 49->0(45)
[2024-01-29T14:57:57.155+0530][gc,heap     ] GC(3) Survivor regions: 2->6(7)
[2024-01-29T14:57:57.155+0530][gc,heap     ] GC(3) Old regions: 8->8
[2024-01-29T14:57:57.155+0530][gc,heap     ] GC(3) Archive regions: 2->2
[2024-01-29T14:57:57.155+0530][gc,heap     ] GC(3) Humongous regions: 129->129
[2024-01-29T14:57:57.155+0530][gc,metaspace] GC(3) Metaspace: 32932K(33152K)->32932K(33152K) NonClass: 29245K(29376K)->29245K(29376K) Class: 3686K(3776K)->3686K(3776K)
[2024-01-29T14:57:57.155+0530][gc          ] GC(3) Pause Young (Normal) (G1 Evacuation Pause) 187M->142M(1024M) 3.129ms
[2024-01-29T14:57:57.155+0530][gc,cpu      ] GC(3) User=0.03s Sys=0.00s Real=0.01s
[2024-01-29T15:03:59.740+0530][gc,start    ] GC(4) Pause Young (Concurrent Start) (Metadata GC Threshold)
[2024-01-29T15:03:59.740+0530][gc,task     ] GC(4) Using 13 workers of 13 for evacuation
[2024-01-29T15:03:59.742+0530][gc,phases   ] GC(4)   Pre Evacuate Collection Set: 0.1ms
[2024-01-29T15:03:59.742+0530][gc,phases   ] GC(4)   Merge Heap Roots: 0.0ms
[2024-01-29T15:03:59.742+0530][gc,phases   ] GC(4)   Evacuate Collection Set: 1.5ms
[2024-01-29T15:03:59.742+0530][gc,phases   ] GC(4)   Post Evacuate Collection Set: 0.2ms
[2024-01-29T15:03:59.742+0530][gc,phases   ] GC(4)   Other: 0.1ms
[2024-01-29T15:03:59.742+0530][gc,heap     ] GC(4) Eden regions: 17->0(49)
[2024-01-29T15:03:59.742+0530][gc,heap     ] GC(4) Survivor regions: 6->2(7)
[2024-01-29T15:03:59.742+0530][gc,heap     ] GC(4) Old regions: 8->13
[2024-01-29T15:03:59.742+0530][gc,heap     ] GC(4) Archive regions: 2->2
[2024-01-29T15:03:59.742+0530][gc,heap     ] GC(4) Humongous regions: 129->129
[2024-01-29T15:03:59.742+0530][gc,metaspace] GC(4) Metaspace: 35770K(36096K)->35770K(36096K) NonClass: 31577K(31744K)->31577K(31744K) Class: 4193K(4352K)->4193K(4352K)
[2024-01-29T15:03:59.742+0530][gc          ] GC(4) Pause Young (Concurrent Start) (Metadata GC Threshold) 159M->143M(1024M) 2.001ms
[2024-01-29T15:03:59.742+0530][gc,cpu      ] GC(4) User=0.02s Sys=0.01s Real=0.00s
[2024-01-29T15:03:59.742+0530][gc          ] GC(5) Concurrent Mark Cycle
[2024-01-29T15:03:59.742+0530][gc,marking  ] GC(5) Concurrent Clear Claimed Marks
[2024-01-29T15:03:59.742+0530][gc,marking  ] GC(5) Concurrent Clear Claimed Marks 0.024ms
[2024-01-29T15:03:59.742+0530][gc,marking  ] GC(5) Concurrent Scan Root Regions
[2024-01-29T15:03:59.744+0530][gc,marking  ] GC(5) Concurrent Scan Root Regions 1.256ms
[2024-01-29T15:03:59.744+0530][gc,marking  ] GC(5) Concurrent Mark
[2024-01-29T15:03:59.744+0530][gc,marking  ] GC(5) Concurrent Mark From Roots
[2024-01-29T15:03:59.744+0530][gc,task     ] GC(5) Using 3 workers of 3 for marking
[2024-01-29T15:03:59.746+0530][gc,marking  ] GC(5) Concurrent Mark From Roots 2.147ms
[2024-01-29T15:03:59.746+0530][gc,marking  ] GC(5) Concurrent Preclean
[2024-01-29T15:03:59.746+0530][gc,marking  ] GC(5) Concurrent Preclean 0.079ms
[2024-01-29T15:03:59.746+0530][gc,start    ] GC(5) Pause Remark
[2024-01-29T15:03:59.747+0530][gc          ] GC(5) Pause Remark 144M->144M(1024M) 0.643ms
[2024-01-29T15:03:59.747+0530][gc,cpu      ] GC(5) User=0.00s Sys=0.00s Real=0.00s
[2024-01-29T15:03:59.747+0530][gc,marking  ] GC(5) Concurrent Mark 3.030ms
[2024-01-29T15:03:59.747+0530][gc,marking  ] GC(5) Concurrent Rebuild Remembered Sets
[2024-01-29T15:03:59.748+0530][gc,marking  ] GC(5) Concurrent Rebuild Remembered Sets 1.721ms
[2024-01-29T15:03:59.748+0530][gc,start    ] GC(5) Pause Cleanup
[2024-01-29T15:03:59.748+0530][gc          ] GC(5) Pause Cleanup 144M->144M(1024M) 0.081ms
[2024-01-29T15:03:59.748+0530][gc,cpu      ] GC(5) User=0.00s Sys=0.00s Real=0.00s
[2024-01-29T15:03:59.748+0530][gc,marking  ] GC(5) Concurrent Cleanup for Next Mark
[2024-01-29T15:03:59.750+0530][gc,marking  ] GC(5) Concurrent Cleanup for Next Mark 1.707ms
[2024-01-29T15:03:59.750+0530][gc          ] GC(5) Concurrent Mark Cycle 7.994ms
[2024-01-29T15:18:59.853+0530][gc,heap,exit] Heap
[2024-01-29T15:18:59.853+0530][gc,heap,exit]  garbage-first heap   total 1048576K, used 189982K [0x00000000c0000000, 0x0000000100000000)
[2024-01-29T15:18:59.853+0530][gc,heap,exit]   region size 1024K, 44 young (45056K), 2 survivors (2048K)
[2024-01-29T15:18:59.853+0530][gc,heap,exit]  Metaspace       used 40088K, committed 40576K, reserved 1114112K
[2024-01-29T15:18:59.853+0530][gc,heap,exit]   class space    used 4907K, committed 5120K, reserved 1048576K
