[2024-01-29T14:53:25.988+0530][gc] Using G1
[2024-01-29T14:53:25.995+0530][gc,init] Version: 17.0.9+9-Ubuntu-122.04 (release)
[2024-01-29T14:53:25.995+0530][gc,init] CPUs: 16 total, 16 available
[2024-01-29T14:53:25.995+0530][gc,init] Memory: 31911M
[2024-01-29T14:53:25.995+0530][gc,init] Large Page Support: Disabled
[2024-01-29T14:53:25.995+0530][gc,init] NUMA Support: Disabled
[2024-01-29T14:53:25.995+0530][gc,init] Compressed Oops: Enabled (32-bit)
[2024-01-29T14:53:25.995+0530][gc,init] Heap Region Size: 1M
[2024-01-29T14:53:25.995+0530][gc,init] Heap Min Capacity: 512M
[2024-01-29T14:53:25.995+0530][gc,init] Heap Initial Capacity: 512M
[2024-01-29T14:53:25.995+0530][gc,init] Heap Max Capacity: 512M
[2024-01-29T14:53:25.995+0530][gc,init] Pre-touch: Disabled
[2024-01-29T14:53:25.996+0530][gc,init] Parallel Workers: 13
[2024-01-29T14:53:25.996+0530][gc,init] Concurrent Workers: 3
[2024-01-29T14:53:25.996+0530][gc,init] Concurrent Refinement Workers: 13
[2024-01-29T14:53:25.996+0530][gc,init] Periodic GC: Disabled
[2024-01-29T14:53:26.002+0530][gc,metaspace] CDS archive(s) mapped at: [0x00007f295f000000-0x00007f295fbc6000-0x00007f295fbc6000), size 12345344, SharedBaseAddress: 0x00007f295f000000, ArchiveRelocationMode: 1.
[2024-01-29T14:53:26.002+0530][gc,metaspace] Compressed class space mapped at: 0x00007f2960000000-0x00007f29a0000000, reserved size: 1073741824
[2024-01-29T14:53:26.002+0530][gc,metaspace] Narrow klass base: 0x00007f295f000000, Narrow klass shift: 0, Narrow klass range: 0x100000000
[2024-01-29T14:56:08.804+0530][gc,start    ] GC(0) Pause Young (Normal) (G1 Evacuation Pause)
[2024-01-29T14:56:08.805+0530][gc,task     ] GC(0) Using 12 workers of 13 for evacuation
[2024-01-29T14:56:08.807+0530][gc,phases   ] GC(0)   Pre Evacuate Collection Set: 0.0ms
[2024-01-29T14:56:08.807+0530][gc,phases   ] GC(0)   Merge Heap Roots: 0.0ms
[2024-01-29T14:56:08.807+0530][gc,phases   ] GC(0)   Evacuate Collection Set: 1.8ms
[2024-01-29T14:56:08.807+0530][gc,phases   ] GC(0)   Post Evacuate Collection Set: 0.2ms
[2024-01-29T14:56:08.807+0530][gc,phases   ] GC(0)   Other: 0.5ms
[2024-01-29T14:56:08.807+0530][gc,heap     ] GC(0) Eden regions: 25->0(21)
[2024-01-29T14:56:08.807+0530][gc,heap     ] GC(0) Survivor regions: 0->4(4)
[2024-01-29T14:56:08.807+0530][gc,heap     ] GC(0) Old regions: 0->4
[2024-01-29T14:56:08.807+0530][gc,heap     ] GC(0) Archive regions: 2->2
[2024-01-29T14:56:08.807+0530][gc,heap     ] GC(0) Humongous regions: 0->0
[2024-01-29T14:56:08.807+0530][gc,metaspace] GC(0) Metaspace: 8247K(8384K)->8247K(8384K) NonClass: 7349K(7424K)->7349K(7424K) Class: 897K(960K)->897K(960K)
[2024-01-29T14:56:08.807+0530][gc          ] GC(0) Pause Young (Normal) (G1 Evacuation Pause) 25M->8M(512M) 2.592ms
[2024-01-29T14:56:08.807+0530][gc,cpu      ] GC(0) User=0.00s Sys=0.01s Real=0.01s
[2024-01-29T14:57:14.410+0530][gc,heap,exit] Heap
[2024-01-29T14:57:14.410+0530][gc,heap,exit]  garbage-first heap   total 524288K, used 13437K [0x00000000e0000000, 0x0000000100000000)
[2024-01-29T14:57:14.410+0530][gc,heap,exit]   region size 1024K, 10 young (10240K), 4 survivors (4096K)
[2024-01-29T14:57:14.410+0530][gc,heap,exit]  Metaspace       used 8646K, committed 8832K, reserved 1114112K
[2024-01-29T14:57:14.410+0530][gc,heap,exit]   class space    used 933K, committed 1024K, reserved 1048576K
